
 RUN  v3.2.7 /Users/bytedance/proj/priv/bagakit/agentmux

 ✓ apps/desktop/test/feature-history-audit.test.ts (1 test) 3858ms
   ✓ feature history audit > reports design anchors with production callers, tests, and deletion history  3857ms
 ✓ apps/desktop/test/workspace-files.test.ts (26 tests) 7637ms
   ✓ WorkspaceFiles root confinement > keeps original bytes and mode when replace fails  1549ms
   ✓ WorkspaceFiles root confinement > atomically replaces a complete file while preserving its mode  1539ms
   ✓ WorkspaceFiles root confinement > publishes only invalidation facts and distinguishes deletion from read failure  1103ms
   ✓ WorkspaceFiles root confinement > keeps reporting changes after its worker dies mid-observation, and says the gap happened  454ms
   ✓ WorkspaceFiles root confinement > stops observing when the directory is gone for good, and lets a later reopen start clean  421ms
   ✓ WorkspaceFiles root confinement > lists one directory level and confines create, rename, and delete mutations  318ms
   ✓ WorkspaceFiles root confinement > does not infer object identity from paths after a missing move receipt  522ms
 ✓ apps/desktop/test/git-remote-error.test.ts (30 tests) 11518ms
   ✓ GitService remote verbs (real git, temporary repositories) > push publishes the branch and sets upstream, then ahead/behind reads zero/zero  1673ms
   ✓ GitService remote verbs (real git, temporary repositories) > a second push of a diverged branch is rejected as non-fast-forward, credential-free  2082ms
   ✓ GitService remote verbs (real git, temporary repositories) > fetch --prune really contacts the remote (FETCH_HEAD is written)  1379ms
   ✓ GitService remote verbs (real git, temporary repositories) > an unpinned pull auto-merges a diverged branch a bare pull would refuse without a reconcile policy  3840ms
   ✓ GitService remote verbs (real git, temporary repositories) > ahead/behind counts the push target when a branch tracks origin/main but pushes origin/<branch>  2538ms
 ❯ apps/desktop/test/type-tree-typecheck.test.ts (9 tests | 1 failed) 233ms
   ✓ desktop test tree is type-checked, and its errors only ratchet down > 每个 test 源文件都真的进了这次 tsc 编译（挡住 include 收窄／glob 写错） 138ms
   ✓ desktop test tree is type-checked, and its errors only ratchet down > 基线外的文件不许开始报错（新引入的类型漂移） 0ms
   ✓ desktop test tree is type-checked, and its errors only ratchet down > 基线里的每个数字都必须**等于**实测值，不许高也不许低（棘轮） 0ms
   ✓ desktop test tree is type-checked, and its errors only ratchet down > 这套判据不是恒绿：故意种一个类型错误，棘轮必须逮到（反向自检） 0ms
   ✓ desktop test tree is type-checked, and its errors only ratchet down > 探针不会把「基线外新报错文件」这条判据打红（#831 的并发假红面） 0ms
   × desktop test tree is type-checked, and its errors only ratchet down > 探针不会把「每个 test 源文件都进了编译」这条判据打红（#831 的另一半） 23ms
     → ENOSPC: no space left on device, open '/Users/bytedance/proj/priv/bagakit/agentmux/apps/desktop/test/__type_tree_probe__.foreign.43197.test.ts'
   ✓ desktop test tree is type-checked, and its errors only ratchet down > 探针前缀没有被任何入库文件占用（把两处「排除」焊死在临时探针上） 70ms
   ✓ desktop test tree is type-checked, and its errors only ratchet down > 探针文件名带 pid，两个并发进程不会互相拆台（#831 的竞态修法） 0ms
   ✓ desktop test tree is type-checked, and its errors only ratchet down > 模拟用的「别人的探针」名永远不可能是某个进程自己那份（挡住跨进程删除） 0ms
 ❯ apps/desktop/test/git-service.test.ts (33 tests | 2 failed) 9080ms
   ✓ GitService (contract, fake executor) > reads status at the working-tree root with a non-interactive, locale-locked env 2ms
   ✓ GitService (contract, fake executor) > models a plain folder as a non-Git state rather than throwing 0ms
   ✓ GitService (contract, fake executor) > 把非零退出的真错误如实抛出，绝不压平成「不是仓库」: fatal: detected dubious ownership in repository at /srv/repo
 1ms
   ✓ GitService (contract, fake executor) > 把非零退出的真错误如实抛出，绝不压平成「不是仓库」: fatal: cannot change to /srv/repo: Permission denied
 0ms
   ✓ GitService (contract, fake executor) > 把非零退出的真错误如实抛出，绝不压平成「不是仓库」: error: object file .git/objects/ab/cdef is empty
 0ms
   ✓ GitService (contract, fake executor) > 把非零退出的真错误如实抛出，绝不压平成「不是仓库」: fatal: Unable to create /srv/repo/.git/index.lock: File exists.
 0ms
   ✓ GitService (contract, fake executor) > stages a file through -- and a :(literal) pathspec so a name is never read as a flag 0ms
   ✓ GitService (contract, fake executor) > rejects an empty path before any git call 0ms
   ✓ GitService (contract, fake executor) > passes the commit message over stdin, never in argv 0ms
   ✓ GitService (contract, fake executor) > rejects an empty commit message before any git call 0ms
   ✓ GitService (contract, fake executor) > scrubs credentials out of a failing git error before it can surface 0ms
   ✓ GitService (contract, fake executor) > the HEAD side of a diff: absent and unreadable must not collapse > draws a file that is genuinely not in HEAD as added: fatal: path 'nosuch.txt' does not exist in 'HEAD'
 0ms
   ✓ GitService (contract, fake executor) > the HEAD side of a diff: absent and unreadable must not collapse > draws a file that is genuinely not in HEAD as added: fatal: path 'ondisk.txt' exists on disk, but not in 'HEAD'
 0ms
   ✓ GitService (contract, fake executor) > the HEAD side of a diff: absent and unreadable must not collapse > draws a file that is genuinely not in HEAD as added: fatal: path 'bob's.txt' exists on disk, but not in 'HEAD'
 0ms
   ✓ GitService (contract, fake executor) > the HEAD side of a diff: absent and unreadable must not collapse > draws a file that is genuinely not in HEAD as added: fatal: path 'no'such.txt' does not exist in 'HEAD'
 0ms
   ✓ GitService (contract, fake executor) > the HEAD side of a diff: absent and unreadable must not collapse > refuses to read an unreadable tree as absence — it surfaces the real failure 0ms
   ✓ GitService (contract, fake executor) > the HEAD side of a diff: absent and unreadable must not collapse > does not accept a longer line that merely contains the absence phrase 0ms
   ✓ GitService (contract, fake executor) > the HEAD side of a diff: absent and unreadable must not collapse > does not accept an absence fatal about some other ref 0ms
   ✓ GitService (real git, temporary repository) > sees a change, stages exactly it, and commits it — the full slice against real git  928ms
   ✓ GitService (real git, temporary repository) > the two stderr predicates accept only git's own whole sentence, never a mention inside a longer error  344ms
   ✓ GitService (real git, temporary repository) > classifies an already-gone worktree whose path contains a quote — the fenced wildcard  323ms
   ✓ GitService (real git, temporary repository) > git prints the absence fatal when it merely could not read the tree  856ms
   ✓ GitService (real git, temporary repository) > gives the real repo-relative prefix for a workspace inside its repository, where the old string surgery returned nothing  437ms
   ✓ GitService (real git, temporary repository) > diff() reads the file inside the workspace subdirectory, not the same-named decoy at the repo root  687ms
   ✓ GitService (real git, temporary repository) > diff() rejects a path that escapes the workspace before it reads anything  530ms
   ✓ GitService (real git, temporary repository) > draws a file in a commit-less repository as added, instead of leaking git's unborn-HEAD fatal  535ms
   ✓ GitService (real git, temporary repository) > refuses to read the unborn-HEAD fatal as absence when other diagnostics accompany it 0ms
   ✓ GitService (real git, temporary repository) > does not read an invalid-object-name fatal about some other rev as an unborn HEAD 0ms
   ✓ GitService (real git, temporary repository) > an exported repo-location git variable is not inherited (#765) > ignores an exported GIT_DIR and reads the workspace git says it should  1191ms
   ✓ GitService (real git, temporary repository) > an exported repo-location git variable is not inherited (#765) > ignores an exported GIT_WORK_TREE and reads the workspace git says it should  1626ms
   ✓ GitService (real git, temporary repository) > an exported repo-location git variable is not inherited (#765) > ignores an exported GIT_INDEX_FILE and reads the workspace git says it should  1420ms
   × GitService (real git, temporary repository) > an exported repo-location git variable is not inherited (#765) > ignores an exported GIT_OBJECT_DIRECTORY and reads the workspace git says it should 141ms
     → git init -q -b target-branch: error: copy-fd: write returned: No space left on device
fatal: cannot copy '/Library/Developer/CommandLineTools/usr/share/git-core/templates/info/exclude' to '/private/var/folders/42/0r9mq8cs2ls8hxdpymx51_6c0000gn/T/agentmux-git-envleak-WfaVD2/.git/info/exclude': No space left on device

   × GitService (real git, temporary repository) > an exported repo-location git variable is not inherited (#765) > ignores an exported GIT_COMMON_DIR and reads the workspace git says it should 54ms
     → ENOSPC: no space left on device, mkdtemp '/var/folders/42/0r9mq8cs2ls8hxdpymx51_6c0000gn/T/agentmux-git-envleak-FNIbmX'
 ❯ apps/desktop/test/worktree-service.test.ts (36 tests | 10 failed) 16368ms
   ✓ WorktreeService > parses branch and null-delimited worktree evidence without losing paths 1ms
   ✓ WorktreeService > projects bound and unbound branches from remote Git truth 1ms
   ✓ WorktreeService > models a plain folder as a normal non-Git capability state 1ms
   ✓ WorktreeService > keeps unrelated Git discovery failures fail-closed: fatal: detected dubious ownership in repository at /srv/repo
 1ms
   ✓ WorktreeService > keeps unrelated Git discovery failures fail-closed: fatal: cannot change to /srv/missing: Permission denied
 0ms
   ✓ WorktreeService > rejects Git-only branch actions for a plain folder 0ms
   ✓ WorktreeService > fails closed when present Git metadata is corrupt  1638ms
   ✓ WorktreeService > fails closed when Git metadata is a dangling symlink  1483ms
   ✓ WorktreeService > registers an existing worktree only when its bound branch is opened 1ms
   ✓ WorktreeService > creates an existing unbound branch worktree and registers only after Git succeeds 1ms
   ✓ WorktreeService > does not register an unbound branch when Git worktree creation fails 1ms
   ✓ WorktreeService > creates and registers a real local Git worktree for an existing branch  1980ms
   ✓ WorktreeService > creates a brand-new branch from HEAD and registers its real worktree  561ms
   ✓ WorktreeService > refuses createBranch onto an existing name and leaves that branch where it points  711ms
   ✓ WorktreeService > still requires an existing branch on the default path  423ms
   ✓ WorktreeService > registers nothing when real Git worktree creation fails  680ms
   ✓ WorktreeService > refuses an already-registered path before touching Git  398ms
   ✓ WorktreeService > worktree add 的两个分支都用 -- 终止选项，短横线开头的路径不会被当成开关  728ms
   ✓ WorktreeService > removes a clean worktree, deregisters it from Git, and withdraws the workspace record  1019ms
   ✓ WorktreeService > refuses to remove a worktree with an uncommitted modification, leaving it fully intact  637ms
   ✓ WorktreeService > refuses to remove a worktree that holds an untracked file, leaving it fully intact  586ms
   ✓ WorktreeService > 区分「git 拒了」与「git 删掉了、记录没撤下」：后者目录已经不在，没有东西可丢弃  956ms
