
 RUN  v3.2.7 /Users/bytedance/proj/priv/bagakit/agentmux

 ❯ packages/core/test/run-environment.test.ts (1 test | 1 failed) 6ms
   × local Run environment > sends current exports on every start, with explicit Run overrides authoritative 6ms
     → expected 'inherited' to be 'explicit' // Object.is equality

⎯⎯⎯⎯⎯⎯⎯ Failed Tests 1 ⎯⎯⎯⎯⎯⎯⎯

 FAIL  packages/core/test/run-environment.test.ts > local Run environment > sends current exports on every start, with explicit Run overrides authoritative
AssertionError: expected 'inherited' to be 'explicit' // Object.is equality

Expected: "explicit"
Received: "inherited"

 ❯ packages/core/test/run-environment.test.ts:38:55
     36|       expect(captured[0]!.env.AGENTMUX_TEST_ENV).toBe('after-daemon')
     37|       expect(captured[1]!.env.AGENTMUX_TEST_ENV).toBe('changed-again')
     38|       expect(captured[2]!.env.AGENTMUX_TEST_OVERRIDE).toBe('explicit')
       |                                                       ^
     39|       expect(captured[0]!.env.NO_COLOR).toBeUndefined()
     40|       expect(captured[0]!.env.FORCE_COLOR).toBeUndefined()

⎯⎯⎯⎯⎯⎯⎯⎯⎯⎯⎯⎯⎯⎯⎯⎯⎯⎯⎯⎯⎯⎯⎯⎯[1/1]⎯


 Test Files  1 failed (1)
      Tests  1 failed (1)
   Start at  02:55:49
   Duration  705ms (transform 216ms, setup 0ms, collect 347ms, tests 6ms, environment 0ms, prepare 42ms)

