
 RUN  v3.2.7 /Users/bytedance/proj/priv/bagakit/agentmux

 ❯ apps/desktop/test/login-shell-environment.test.ts (6 tests | 3 failed) 159ms
   ✓ login shell exported environment > preserves empty, multiline, equals and ANSI bytes without parsing banner text 1ms
   × login shell exported environment > loads real /bin/zsh profile exports into a child without exporting shell-local variables 95ms
     → expected [ null, null, null, null, …(1) ] to deeply equal [ 'profile', …(4) ]
   × login shell exported environment > loads real /bin/bash profile exports into a child without exporting shell-local variables 60ms
     → expected [ null, null, null, null, …(1) ] to deeply equal [ 'profile', …(4) ]
   × login shell exported environment > reports partial success after interactive failure and preserves inherited PATH entries 2ms
     → expected { …(3) } to match object { …(3) }
(1 matching property omitted from actual)
   ✓ login shell exported environment > preserves all inherited values on total failure and returns a non-secret warning 0ms
   ✓ login shell exported environment > does not launch a shell on unsupported platforms 0ms

⎯⎯⎯⎯⎯⎯⎯ Failed Tests 3 ⎯⎯⎯⎯⎯⎯⎯

 FAIL  apps/desktop/test/login-shell-environment.test.ts > login shell exported environment > loads real /bin/zsh profile exports into a child without exporting shell-local variables
 FAIL  apps/desktop/test/login-shell-environment.test.ts > login shell exported environment > loads real /bin/bash profile exports into a child without exporting shell-local variables
AssertionError: expected [ null, null, null, null, …(1) ] to deeply equal [ 'profile', …(4) ]

- Expected
+ Received

  [
-   "profile",
-   "hello=world
- second line",
-   "",
+   null,
+   null,
+   null,
    null,
    "/opt/test tools:/usr/bin:/bin",
  ]

 ❯ apps/desktop/test/login-shell-environment.test.ts:45:40


⎯⎯⎯⎯⎯⎯⎯⎯⎯⎯⎯⎯⎯⎯⎯⎯⎯⎯⎯⎯⎯⎯⎯⎯[1/3]⎯

 FAIL  apps/desktop/test/login-shell-environment.test.ts > login shell exported environment > reports partial success after interactive failure and preserves inherited PATH entries
AssertionError: expected { …(3) } to match object { …(3) }
(1 matching property omitted from actual)

- Expected
+ Received

  {
-   "EXPORTED": "profile",
    "KEEP": "inherited",
    "PATH": "/opt/bin:/bin:/client/bin",
  }

 ❯ apps/desktop/test/login-shell-environment.test.ts:59:17
     57|     const result = await hydrateProcessEnvironmentFromLoginShell({ pla…
     58|     expect(result).toEqual({ ok: true, shell: '/bin/zsh', mode: 'login…
     59|     expect(env).toMatchObject({ PATH: '/opt/bin:/bin:/client/bin', KEE…
       |                 ^
     60|     expect(env.PWD).toBeUndefined()
     61|     expect(loginShellEnvironmentWarning(result)).toContain('.zshrc cou…

⎯⎯⎯⎯⎯⎯⎯⎯⎯⎯⎯⎯⎯⎯⎯⎯⎯⎯⎯⎯⎯⎯⎯⎯[2/3]⎯


 Test Files  1 failed (1)
      Tests  3 failed | 3 passed (6)
   Start at  02:55:44
   Duration  535ms (transform 28ms, setup 0ms, collect 29ms, tests 159ms, environment 0ms, prepare 53ms)

