$ pnpm --filter @agentmux/core build && vitest run --maxWorkers=1 packages/core/test/package-consumer.integration.test.ts
$ node scripts/build.mjs

 RUN  v3.2.7 /Users/bytedance/proj/priv/bagakit/agentmux

node:internal/fs/promises:745
      (await PromisePrototypeThen(
       ^

Error: ENOSPC: no space left on device, write
    at async write (node:internal/fs/promises:745:8)
    at async writeFileHandle (node:internal/fs/promises:502:7)
    at async fsCall (node:internal/fs/promises:467:12)
    at async AgentMuxFileAgentSessionStore.acquireLock (file:///private/tmp/agentmux-packed-ctxmux-sbkuAI/consumer/node_modules/@agentmux/core/dist/agent-session-store.js:1775:17)
    at async AgentMuxFileAgentSessionStore.sweepOrphanTimelines (file:///private/tmp/agentmux-packed-ctxmux-sbkuAI/consumer/node_modules/@agentmux/core/dist/agent-session-store.js:1231:23)
    at async AgentMuxFileAgentSessionStore.load (file:///private/tmp/agentmux-packed-ctxmux-sbkuAI/consumer/node_modules/@agentmux/core/dist/agent-session-store.js:1224:9)
    at async loadAgentSessions (file:///private/tmp/agentmux-packed-ctxmux-sbkuAI/consumer/node_modules/@agentmux/core/dist/agent-session-store.js:926:35)
    at async Promise.all (index 0)
    at async AgentMuxAgentSessionRegistry.load (file:///private/tmp/agentmux-packed-ctxmux-sbkuAI/consumer/node_modules/@agentmux/core/dist/agent-session-registry.js:33:63)
    at async AgentMuxClient.open (file:///private/tmp/agentmux-packed-ctxmux-sbkuAI/consumer/node_modules/@agentmux/core/dist/client.js:357:13) {
  errno: -28,
  code: 'ENOSPC',
  syscall: 'write'
}

Node.js v24.14.1
 ❯ packages/core/test/package-consumer.integration.test.ts (1 test | 1 failed) 19993ms
   × packed @agentmux/core ctxmux consumer > runs the Shell vertical outside the checkout with the pinned SDK and binaries 19992ms
     → packed-consumer.mjs exited with code=1 signal=null

⎯⎯⎯⎯⎯⎯⎯ Failed Tests 1 ⎯⎯⎯⎯⎯⎯⎯

 FAIL  packages/core/test/package-consumer.integration.test.ts > packed @agentmux/core ctxmux consumer > runs the Shell vertical outside the checkout with the pinned SDK and binaries
Error: packed-consumer.mjs exited with code=1 signal=null
 ❯ ChildProcess.<anonymous> packages/core/test/package-consumer.integration.test.ts:634:18
    632|           consumer.once('close', (code, signal) => {
    633|             if (code === 0) return settle({ stdout })
    634|             fail(new Error(`packed-consumer.mjs exited with code=${cod…
       |                  ^
    635|           })
    636|         })

⎯⎯⎯⎯⎯⎯⎯⎯⎯⎯⎯⎯⎯⎯⎯⎯⎯⎯⎯⎯⎯⎯⎯⎯[1/1]⎯


 Test Files  1 failed (1)
      Tests  1 failed (1)
   Start at  02:51:58
   Duration  20.38s (transform 61ms, setup 0ms, collect 59ms, tests 19.99s, environment 0ms, prepare 79ms)

[ELIFECYCLE] Command failed with exit code 1.
