
 RUN  v3.2.7 /Users/bytedance/proj/priv/bagakit/agentmux

 ❯ packages/core/test/ctxmux-owner-compatibility.test.ts (8 tests | 4 failed) 172ms
   ✓ Runtime compatibility independent of launch provenance > connects to the same compatible Runtime with a missing receipt without rewriting or stopping it 30ms
   ✓ Runtime compatibility independent of launch provenance > connects to the same compatible Runtime with a malformed receipt without rewriting or stopping it 24ms
   ✓ Runtime compatibility independent of launch provenance > connects to the same compatible Runtime with a mismatch receipt without rewriting or stopping it 25ms
   × Runtime compatibility independent of launch provenance > rejects incompatible public Runtime identity without spawning a replacement: {"protocolGeneration":15} 17ms
     → promise resolved "undefined" instead of rejecting
   × Runtime compatibility independent of launch provenance > rejects incompatible public Runtime identity without spawning a replacement: {"buildId":"ctxmuxd/incompatible"} 13ms
     → promise resolved "undefined" instead of rejecting
   × Runtime compatibility independent of launch provenance > rejects incompatible public Runtime identity without spawning a replacement: {"capabilities":{}} 13ms
     → promise resolved "undefined" instead of rejecting
   × Runtime compatibility independent of launch provenance > rejects incompatible public Runtime identity without spawning a replacement: {"runtimeIdPersistence":"ephemeral"} 20ms
     → expected [Function] to throw error including 'does not satisfy the pinned Local con…' but got 'invalid ctxmux daemon frame at $frame…'
   ✓ Runtime compatibility independent of launch provenance > keeps a valid persistent launch record across app restarts and install relocation 29ms

⎯⎯⎯⎯⎯⎯⎯ Failed Tests 4 ⎯⎯⎯⎯⎯⎯⎯

 FAIL  packages/core/test/ctxmux-owner-compatibility.test.ts > Runtime compatibility independent of launch provenance > rejects incompatible public Runtime identity without spawning a replacement: {"protocolGeneration":15}
 FAIL  packages/core/test/ctxmux-owner-compatibility.test.ts > Runtime compatibility independent of launch provenance > rejects incompatible public Runtime identity without spawning a replacement: {"buildId":"ctxmuxd/incompatible"}
 FAIL  packages/core/test/ctxmux-owner-compatibility.test.ts > Runtime compatibility independent of launch provenance > rejects incompatible public Runtime identity without spawning a replacement: {"capabilities":{}}
AssertionError: promise resolved "undefined" instead of rejecting

- Expected: 
Error {
  "message": "rejected promise",
}

+ Received: 
undefined

 ❯ packages/core/test/ctxmux-owner-compatibility.test.ts:64:35
     62|     const { adapter } = await fixture()
     63|     vi.mocked(CtxmuxClient.prototype.runtimeInfo).mockResolvedValue({ …
     64|     await expect(adapter.connect()).rejects.toThrow('does not satisfy …
       |                                   ^
     65|     expect(adapter.isConnected()).toBe(false)
     66|     expect(processSpies.spawn).not.toHaveBeenCalled()

⎯⎯⎯⎯⎯⎯⎯⎯⎯⎯⎯⎯⎯⎯⎯⎯⎯⎯⎯⎯⎯⎯⎯⎯[1/4]⎯

 FAIL  packages/core/test/ctxmux-owner-compatibility.test.ts > Runtime compatibility independent of launch provenance > rejects incompatible public Runtime identity without spawning a replacement: {"runtimeIdPersistence":"ephemeral"}
AssertionError: expected [Function] to throw error including 'does not satisfy the pinned Local con…' but got 'invalid ctxmux daemon frame at $frame…'

Expected: "does not satisfy the pinned Local contract"
Received: "invalid ctxmux daemon frame at $frame.runtime.runtimeIdPersistence: expected "daemon" or "state_dir""

 ❯ packages/core/test/ctxmux-owner-compatibility.test.ts:64:5
     62|     const { adapter } = await fixture()
     63|     vi.mocked(CtxmuxClient.prototype.runtimeInfo).mockResolvedValue({ …
     64|     await expect(adapter.connect()).rejects.toThrow('does not satisfy …
       |     ^
     65|     expect(adapter.isConnected()).toBe(false)
     66|     expect(processSpies.spawn).not.toHaveBeenCalled()

⎯⎯⎯⎯⎯⎯⎯⎯⎯⎯⎯⎯⎯⎯⎯⎯⎯⎯⎯⎯⎯⎯⎯⎯[2/4]⎯


 Test Files  1 failed (1)
      Tests  4 failed | 4 passed (8)
   Start at  14:43:46
   Duration  854ms (transform 223ms, setup 0ms, collect 387ms, tests 172ms, environment 0ms, prepare 115ms)

