
 RUN  v3.2.7 /Users/bytedance/proj/priv/bagakit/agentmux

 ❯ apps/desktop/test/prompt-delivery-service-window.test.tsx (3 tests | 1 failed) 7ms
   ✓ prompt delivery service window > shows the cause, actual delivery mode, and recovery without an overlay or resend instruction 4ms
   ✓ prompt delivery service window > clears only when the Core marker clears and never presents unknown viability as healthy 0ms
   × projects live Core delivery notices and clears them on the next verified update 3ms
     → expected undefined to be 'process-degraded' // Object.is equality

⎯⎯⎯⎯⎯⎯⎯ Failed Tests 1 ⎯⎯⎯⎯⎯⎯⎯

 FAIL  apps/desktop/test/prompt-delivery-service-window.test.tsx > projects live Core delivery notices and clears them on the next verified update
AssertionError: expected undefined to be 'process-degraded' // Object.is equality

- Expected: 
"process-degraded"

+ Received: 
undefined

 ❯ apps/desktop/test/prompt-delivery-service-window.test.tsx:60:46
     58|   }
     59|   const degraded = projectRuntimeEvent(state, { type: 'core', hostId: …
     60|   expect(notice(degraded.sessions[0])?.kind).toBe('process-degraded')
       |                                              ^
     61|   delete core.terminalPromptDelivery
     62|   core.updatedAt = 3

⎯⎯⎯⎯⎯⎯⎯⎯⎯⎯⎯⎯⎯⎯⎯⎯⎯⎯⎯⎯⎯⎯⎯⎯[1/1]⎯


 Test Files  1 failed (1)
      Tests  1 failed | 2 passed (3)
   Start at  04:02:35
   Duration  553ms (transform 64ms, setup 0ms, collect 135ms, tests 7ms, environment 0ms, prepare 85ms)

