
 RUN  v3.2.7 /Users/bytedance/proj/priv/bagakit/agentmux

 ❯ apps/desktop/test/region-caret-focus.test.ts (12 tests | 1 failed) 7ms
   ✓ regionFocusClaimsCaret：谁触发的落焦决定抢不抢 caret > 键盘导航抢 caret，指针点击不抢 1ms
   ✓ regionFocusClaimsCaret：谁触发的落焦决定抢不抢 caret > 穷举全部 cause：恰好一种抢 caret，且是键盘那种 0ms
   ✓ regionCaretFocusTargets：一条意图是否精确点名这一格 > regionId 相等才算点名；null 意图 / null 本格 / 不同 id 都不算 0ms
   ✓ 键盘 dispatch 把 cause=keyboard 传进 focusRegion > focus-region.right 调 focusRegion 时 cause 是 keyboard，不是 pointer/缺省 1ms
   ✓ store.focusRegion：键盘投 caret 意图，指针不投，清除只认自己 > cause=keyboard：既把活动格切过去，又投出点名那格的 caret 意图 1ms
   ✓ store.focusRegion：键盘投 caret 意图，指针不投，清除只认自己 > cause=pointer：搬活动格但**不**投 caret 意图（原生已把焦点放对） 0ms
   ✓ store.focusRegion：键盘投 caret 意图，指针不投，清除只认自己 > 缺省 cause（不传）保守地不投 caret 意图 0ms
   ✓ store.focusRegion：键盘投 caret 意图，指针不投，清除只认自己 > 连按（同一格再次键盘落焦）nonce 递增，让重复导航也各触发一次 0ms
   ✓ store.focusRegion：键盘投 caret 意图，指针不投，清除只认自己 > 无效落点（workspace 不匹配）不投 caret 意图 0ms
   × store.focusRegion：键盘投 caret 意图，指针不投，清除只认自己 > does not reuse a nonce after consumption 2ms
     → expected 1 to be greater than 1
   ✓ store.focusRegion：键盘投 caret 意图，指针不投，清除只认自己 > pointer navigation cancels a pending keyboard request before its editor loads 0ms
   ✓ store.focusRegion：键盘投 caret 意图，指针不投，清除只认自己 > clearRegionCaretFocus 只清自己那条 nonce 0ms

⎯⎯⎯⎯⎯⎯⎯ Failed Tests 1 ⎯⎯⎯⎯⎯⎯⎯

 FAIL  apps/desktop/test/region-caret-focus.test.ts > store.focusRegion：键盘投 caret 意图，指针不投，清除只认自己 > does not reuse a nonce after consumption
AssertionError: expected 1 to be greater than 1
 ❯ apps/desktop/test/region-caret-focus.test.ts:218:26
    216|     state.focusRegion('workspace', tabId, addedRegionId, 'keyboard')
    217|     const second = useAppStore.getState().regionCaretFocus!
    218|     expect(second.nonce).toBeGreaterThan(first.nonce)
       |                          ^
    219|     state.clearRegionCaretFocus(first.nonce)
    220|     expect(useAppStore.getState().regionCaretFocus).toBe(second)

⎯⎯⎯⎯⎯⎯⎯⎯⎯⎯⎯⎯⎯⎯⎯⎯⎯⎯⎯⎯⎯⎯⎯⎯[1/1]⎯


 Test Files  1 failed (1)
      Tests  1 failed | 11 passed (12)
   Start at  04:02:37
   Duration  481ms (transform 179ms, setup 0ms, collect 256ms, tests 7ms, environment 0ms, prepare 56ms)

