
 RUN  v3.2.7 /Users/bytedance/proj/priv/bagakit/agentmux

 ❯ apps/desktop/test/editor-caret-focus.test.tsx (4 tests | 1 failed) 21ms
   × EditorPane asynchronous keyboard focus > keeps the intent while Monaco loads, then focuses exactly once on mount 14ms
     → expected "spy" to be called once, but got 0 times
   ✓ EditorPane asynchronous keyboard focus > does not replay an old request after pointer navigation while Monaco loads 2ms
   ✓ EditorPane asynchronous keyboard focus > does not steal a newer request addressed to another Region 2ms
   ✓ EditorPane asynchronous keyboard focus > discards a hidden surface request without focusing 2ms

⎯⎯⎯⎯⎯⎯⎯ Failed Tests 1 ⎯⎯⎯⎯⎯⎯⎯

 FAIL  apps/desktop/test/editor-caret-focus.test.tsx > EditorPane asynchronous keyboard focus > keeps the intent while Monaco loads, then focuses exactly once on mount
AssertionError: expected "spy" to be called once, but got 0 times
 ❯ apps/desktop/test/editor-caret-focus.test.tsx:65:27
     63|     await render()
     64|     expect(fixture.state.clearRegionCaretFocus).not.toHaveBeenCalled()
     65|     expect(mount().focus).toHaveBeenCalledOnce()
       |                           ^
     66|     expect(fixture.state.regionCaretFocus).toBeNull()
     67|   })

⎯⎯⎯⎯⎯⎯⎯⎯⎯⎯⎯⎯⎯⎯⎯⎯⎯⎯⎯⎯⎯⎯⎯⎯[1/1]⎯


 Test Files  1 failed (1)
      Tests  1 failed | 3 passed (4)
   Start at  04:02:40
   Duration  890ms (transform 88ms, setup 0ms, collect 174ms, tests 21ms, environment 302ms, prepare 110ms)

