
 RUN  v3.2.7 /Users/bytedance/proj/priv/bagakit/agentmux

 ❯ apps/desktop/test/prompt-delivery-service-window.test.tsx (3 tests | 1 failed) 7ms
   ✓ prompt delivery service window > shows the cause, actual delivery mode, and recovery without an overlay or resend instruction 4ms
   ✓ prompt delivery service window > clears only when the Core marker clears and never presents unknown viability as healthy 0ms
   × projects live Core delivery notices and clears them on the next verified update 3ms
     → expected { kind: 'process-degraded', …(1) } to be null

⎯⎯⎯⎯⎯⎯⎯ Failed Tests 1 ⎯⎯⎯⎯⎯⎯⎯

 FAIL  apps/desktop/test/prompt-delivery-service-window.test.tsx > projects live Core delivery notices and clears them on the next verified update
AssertionError: expected { kind: 'process-degraded', …(1) } to be null

- Expected: 
null

+ Received: 
{
  "kind": "process-degraded",
  "notice": {
    "mode": "Prompt delivery continued without full screen confirmation",
    "restore": "Check the Agent’s response; the next fully verified prompt clears this notice",
    "step": "Confirming the prompt while the terminal refreshed didn’t complete",
  },
}

 ❯ apps/desktop/test/prompt-delivery-service-window.test.tsx:64:40
     62|   core.updatedAt = 3
     63|   const restored = projectRuntimeEvent(degraded, { type: 'core', hostI…
     64|   expect(notice(restored.sessions[0])).toBeNull()
       |                                        ^
     65| })
     66| 

⎯⎯⎯⎯⎯⎯⎯⎯⎯⎯⎯⎯⎯⎯⎯⎯⎯⎯⎯⎯⎯⎯⎯⎯[1/1]⎯


 Test Files  1 failed (1)
      Tests  1 failed | 2 passed (3)
   Start at  04:02:36
   Duration  516ms (transform 81ms, setup 0ms, collect 185ms, tests 7ms, environment 0ms, prepare 83ms)

