
 RUN  v3.2.7 /Users/bytedance/proj/priv/bagakit/agentmux

 ❯ packages/core/test/client-submit-prompt-interrupted.test.ts (4 tests | 1 failed) 166ms
   × submitAgentPrompt during screen replacement > finishes the original accepted prompt and persists a visible degradation instead of leaving it busy 59ms
     → promise rejected "AgentMuxError: Terminal screen observatio… { …(2) }" instead of resolving
   ✓ submitAgentPrompt during screen replacement > does not send Enter if the authoritative Run becomes exited 51ms
   ✓ submitAgentPrompt during screen replacement > does not send Enter if the authoritative Run becomes unknown 53ms
   ✓ submitAgentPrompt during screen replacement > preserves readiness refusal and its diagnostics before any input is sent 1ms

⎯⎯⎯⎯⎯⎯⎯ Failed Tests 1 ⎯⎯⎯⎯⎯⎯⎯

 FAIL  packages/core/test/client-submit-prompt-interrupted.test.ts > submitAgentPrompt during screen replacement > finishes the original accepted prompt and persists a visible degradation instead of leaving it busy
AssertionError: promise rejected "AgentMuxError: Terminal screen observatio… { …(2) }" instead of resolving
 ❯ packages/core/test/client-submit-prompt-interrupted.test.ts:135:27
    133|     await vi.waitFor(() => expect(fixture.observeCalls()).toBe(1))
    134|     fixture.discardEvidence()
    135|     await expect(submitted).resolves.toBeUndefined()
       |                           ^
    136|     expect(fixture.writes).toHaveLength(2)
    137|     expect(fixture.writes[1]).toBe('\r')

Caused by: AgentMuxError: Terminal screen observation was cancelled.
 ❯ abort packages/core/src/agent-terminal-screen.ts:203:38
 ❯ inspect packages/core/src/agent-terminal-screen.ts:221:35
 ❯ AgentTerminalScreenEvidence.notify packages/core/src/agent-terminal-screen.ts:274:49
 ❯ AgentTerminalScreenEvidence.dispose packages/core/src/agent-terminal-screen.ts:250:10
 ❯ AgentScreenEvidenceStore.discard packages/core/src/screen-evidence.ts:185:20
 ❯ Object.discardEvidence packages/core/test/client-submit-prompt-interrupted.test.ts:124:51
 ❯ packages/core/test/client-submit-prompt-interrupted.test.ts:134:13

⎯⎯⎯⎯⎯⎯⎯⎯⎯⎯⎯⎯⎯⎯⎯⎯⎯⎯⎯⎯⎯⎯⎯⎯⎯⎯⎯⎯⎯⎯
Serialized Error: { code: 'AGENT_PROMPT_READINESS_CANCELLED', detail: undefined }
⎯⎯⎯⎯⎯⎯⎯⎯⎯⎯⎯⎯⎯⎯⎯⎯⎯⎯⎯⎯⎯⎯⎯⎯[1/1]⎯


 Test Files  1 failed (1)
      Tests  1 failed | 3 passed (4)
   Start at  04:02:30
   Duration  790ms (transform 231ms, setup 0ms, collect 371ms, tests 166ms, environment 0ms, prepare 55ms)

