
 RUN  v3.2.7 /Users/bytedance/proj/priv/bagakit/agentmux

 ❯ apps/desktop/test/board-data-flow.test.tsx (4 tests | 1 failed) 33ms
   × Board request ownership > one read supplies the real Board and dock; Refresh updates both 26ms
     → expected "spy" to be called 2 times, but got 1 times
   ✓ Board request ownership > shows read failure in both surfaces instead of an empty Board or endless loading 5ms
   ✓ Board request ownership > does not read repositories when the Board is inactive 1ms
   ✓ Topic request lifetime > never renders old Topics under a new Workspace, even before effects run; ignores late replies 1ms

⎯⎯⎯⎯⎯⎯⎯ Failed Tests 1 ⎯⎯⎯⎯⎯⎯⎯

 FAIL  apps/desktop/test/board-data-flow.test.tsx > Board request ownership > one read supplies the real Board and dock; Refresh updates both
AssertionError: expected "spy" to be called 2 times, but got 1 times
 ❯ apps/desktop/test/board-data-flow.test.tsx:63:41
     61|     expect(refresh).toBeDefined()
     62|     await act(async () => refresh.click())
     63|     expect(api.workspaces.listBranches).toHaveBeenCalledTimes(2)
       |                                         ^
     64|     expect(container.querySelector('.board--matrix')!.textContent).toC…
     65|     expect(container.querySelector('.board-tool-list')!.textContent).t…

⎯⎯⎯⎯⎯⎯⎯⎯⎯⎯⎯⎯⎯⎯⎯⎯⎯⎯⎯⎯⎯⎯⎯⎯[1/1]⎯


 Test Files  1 failed (1)
      Tests  1 failed | 3 passed (4)
   Start at  04:02:41
   Duration  1.28s (transform 350ms, setup 0ms, collect 671ms, tests 33ms, environment 221ms, prepare 114ms)

