
 RUN  v3.2.7 /Users/bytedance/proj/priv/bagakit/agentmux

 ❯ packages/core/test/agent-terminal-screen.test.ts (12 tests | 1 failed) 148ms
   ✓ AgentTerminalScreen > tracks the active composer across partial synchronized updates 6ms
   ✓ AgentTerminalScreen > does not confuse assistant text or a full-screen historical redraw with composer input 4ms
   ✓ AgentTerminalScreen > preserves explicit line breaks separately from terminal soft wrapping 2ms
   ✓ AgentTerminalScreen > retains a composer marker after a long prompt scrolls beyond the viewport 2ms
   ✓ AgentTerminalScreen > preserves intentional spaces around explicit line breaks 2ms
   ✓ AgentTerminalScreen > fails closed on a missing or overlapping byte range 2ms
   ✓ AgentTerminalScreenEvidence 帧游标 > boundary 之前完成的帧不算数，boundary 之后的完整帧才放行 27ms
   × AgentTerminalScreenEvidence 帧游标 > boundary 之后一个字节都没来就不算就绪——不要求帧时，字节界是唯一的守卫 27ms
     → expected true to be false // Object.is equality
   ✓ AgentTerminalScreenEvidence 帧游标 > boundary 之后只有零散字节、没有完整帧时不算就绪——帧游标是唯一的守卫 39ms
   ✓ AgentTerminalScreenEvidence 帧游标 > 跨块的帧标记按字节精确定位 25ms
   ✓ 有界增量屏幕证据接到 client 观察路径 > 同一 Session 连续两次观察只从 byte 0 重放一次，重放字节量相对全量基线有界 7ms
   ✓ 有界增量屏幕证据接到 client 观察路径 > gap 失效后丢弃重建，重建仍能正确判定 composer 4ms

⎯⎯⎯⎯⎯⎯⎯ Failed Tests 1 ⎯⎯⎯⎯⎯⎯⎯

 FAIL  packages/core/test/agent-terminal-screen.test.ts > AgentTerminalScreenEvidence 帧游标 > boundary 之后一个字节都没来就不算就绪——不要求帧时，字节界是唯一的守卫
AssertionError: expected true to be false // Object.is equality

- Expected
+ Received

- false
+ true

 ❯ packages/core/test/agent-terminal-screen.test.ts:204:21
    202|       // 起点自检：throughByte 恰好**等于** boundary。否则这条测不到 `>` 与 `>=` 的差别。
    203|       expect(evidence.throughByte, '起点必须卡在 boundary 上，否则严格 `>` 无人质询').…
    204|       expect(ready).toBe(false)
       |                     ^
    205| 
    206|       evidenceChunk(evidence, '\u001b[22;3H')

⎯⎯⎯⎯⎯⎯⎯⎯⎯⎯⎯⎯⎯⎯⎯⎯⎯⎯⎯⎯⎯⎯⎯⎯[1/1]⎯


 Test Files  1 failed (1)
      Tests  1 failed | 11 passed (12)
   Start at  04:02:32
   Duration  706ms (transform 208ms, setup 0ms, collect 330ms, tests 148ms, environment 0ms, prepare 56ms)

