$ pnpm -r build
Scope: 2 of 3 workspace projects
packages/core build$ node scripts/build.mjs
packages/core build: Done
apps/desktop prebuild$ pnpm build:workspace-move-helper
apps/desktop prebuild: $ node scripts/build-workspace-move-helper.mjs
apps/desktop prebuild: Done
apps/desktop build$ electron-vite build
apps/desktop build: vite v7.3.6 building ssr environment for production...
apps/desktop build: transforming...
apps/desktop build: ✓ 59 modules transformed.
apps/desktop build: rendering chunks...
apps/desktop build: out/main/chunks/browser-profile-import-source-BppA5hxh.js   24.05 kB
apps/desktop build: out/main/index.js                                          387.16 kB
apps/desktop build: ✓ built in 242ms
apps/desktop build: vite v7.3.6 building ssr environment for production...
apps/desktop build: transforming...
apps/desktop build: ✓ 3 modules transformed.
apps/desktop build: rendering chunks...
apps/desktop build: out/preload/index.cjs  11.29 kB
apps/desktop build: ✓ built in 13ms
apps/desktop build: vite v7.3.6 building client environment for production...
apps/desktop build: transforming...
apps/desktop build: ✓ 3373 modules transformed.
apps/desktop build: rendering chunks...
apps/desktop build: ../../out/renderer/index.html                                   0.74 kB
apps/desktop build: ../../out/renderer/assets/icon-128-DIfXDxkG.png                15.99 kB
apps/desktop build: ../../out/renderer/assets/codicon-Brq4_Ui5.ttf                140.96 kB
apps/desktop build: ../../out/renderer/assets/editor.worker-BwBjdhCz.js           584.83 kB
apps/desktop build: ../../out/renderer/assets/json.worker-Cq5111FN.js             883.99 kB
apps/desktop build: ../../out/renderer/assets/html.worker-1zZHDAzE.js           1,285.52 kB
apps/desktop build: ../../out/renderer/assets/css.worker-D_2p-Q7z.js            1,909.93 kB
apps/desktop build: ../../out/renderer/assets/ts.worker-B_w3UDAD.js            13,307.94 kB
apps/desktop build: ../../out/renderer/assets/EditorPane-BwxubRqT.css             224.58 kB
apps/desktop build: ../../out/renderer/assets/index-Bj14dhnO.css                  275.54 kB
apps/desktop build: ../../out/renderer/assets/azcli-BEAhqcuE.js                     1.30 kB
apps/desktop build: ../../out/renderer/assets/javascript-CrnLNu2n.js                1.34 kB
apps/desktop build: ../../out/renderer/assets/ini-BcQysCTb.js                       1.67 kB
apps/desktop build: ../../out/renderer/assets/csp-D_3BK2Wp.js                       1.70 kB
apps/desktop build: ../../out/renderer/assets/workers-yp2vrCO_.js                   2.12 kB
apps/desktop build: ../../out/renderer/assets/scheme-D7PxodDG.js                    2.36 kB
apps/desktop build: ../../out/renderer/assets/bat-Bqkp9Cfu.js                       2.66 kB
apps/desktop build: ../../out/renderer/assets/flow9-ZSTChSMd.js                     2.76 kB
apps/desktop build: ../../out/renderer/assets/xml-B3ueRGjX.js                       2.79 kB
apps/desktop build: ../../out/renderer/assets/sb-Chfc_wZF.js                        2.81 kB
apps/desktop build: ../../out/renderer/assets/pla-DEV89yYj.js                       2.87 kB
apps/desktop build: ../../out/renderer/assets/dockerfile--oxj0cAH.js                3.02 kB
apps/desktop build: ../../out/renderer/assets/pascaligo-VA_LQ1oU.js                 3.25 kB
apps/desktop build: ../../out/renderer/assets/lua-hNsuGJkO.js                       3.43 kB
apps/desktop build: ../../out/renderer/assets/bicep-DIlfshcM.js                     3.44 kB
apps/desktop build: ../../out/renderer/assets/objective-c-B1L1C5EC.js               3.48 kB
apps/desktop build: ../../out/renderer/assets/cameligo-CLaaYNMV.js                  3.51 kB
apps/desktop build: ../../out/renderer/assets/graphql-BeiGgjIU.js                   3.77 kB
apps/desktop build: ../../out/renderer/assets/lexon-C1U0m2n9.js                     3.81 kB
apps/desktop build: ../../out/renderer/assets/typespec-R77Ln7Jb.js                  3.90 kB
apps/desktop build: ../../out/renderer/assets/sparql-DxuVdnRl.js                    3.94 kB
apps/desktop build: ../../out/renderer/assets/mips-CJm71dS3.js                      4.14 kB
apps/desktop build: ../../out/renderer/assets/m3-6ko6q9-_.js                        4.15 kB
apps/desktop build: ../../out/renderer/assets/sophia-D7pU0Y1d.js                    4.27 kB
apps/desktop build: ../../out/renderer/assets/shell-vZEubQ82.js                     4.48 kB
apps/desktop build: ../../out/renderer/assets/go-brnMpFrj.js                        4.49 kB
apps/desktop build: ../../out/renderer/assets/fsharp-D2uoxuLH.js                    4.51 kB
apps/desktop build: ../../out/renderer/assets/pascal-DMQyD4Xk.js                    4.71 kB
apps/desktop build: ../../out/renderer/assets/r-CtqYUQ6l.js                         4.80 kB
apps/desktop build: ../../out/renderer/assets/less-B7Qaxw-O.js                      5.00 kB
apps/desktop build: ../../out/renderer/assets/tcl-Bb4GCwBr.js                       5.05 kB
apps/desktop build: ../../out/renderer/assets/liquid-BiJqHhXZ.js                    5.11 kB
apps/desktop build: ../../out/renderer/assets/qsharp-BWK6YLKm.js                    5.14 kB
apps/desktop build: ../../out/renderer/assets/cypher-D0--_GAN.js                    5.15 kB
apps/desktop build: ../../out/renderer/assets/java-Dt3iMn2o.js                      5.16 kB
apps/desktop build: ../../out/renderer/assets/kotlin-Ddo1SjA5.js                    5.20 kB
apps/desktop build: ../../out/renderer/assets/hcl-CrX1Es2W.js                       5.21 kB
apps/desktop build: ../../out/renderer/assets/redis-O7gSt3oh.js                     5.25 kB
apps/desktop build: ../../out/renderer/assets/restructuredtext-B-KQCVu_.js          5.33 kB
apps/desktop build: ../../out/renderer/assets/powershell-BXiKvz7Z.js                5.39 kB
apps/desktop build: ../../out/renderer/assets/coffee-CzJ5oEdj.js                    5.51 kB
apps/desktop build: ../../out/renderer/assets/mdx-B_iXO5wD.js                       5.80 kB
apps/desktop build: ../../out/renderer/assets/yaml-BLPowhXW.js                      5.85 kB
apps/desktop build: ../../out/renderer/assets/css-i3rI3_64.js                       6.10 kB
apps/desktop build: ../../out/renderer/assets/cssMode-DdND1qLb.js                   6.22 kB
apps/desktop build: ../../out/renderer/assets/rust-B1c0VCeq.js                      6.27 kB
apps/desktop build: ../../out/renderer/assets/apex-DVGUZ64i.js                      6.39 kB
apps/desktop build: ../../out/renderer/assets/python-DTbOMJvA.js                    6.47 kB
apps/desktop build: ../../out/renderer/assets/dart-vLMHv35g.js                      6.48 kB
apps/desktop build: ../../out/renderer/assets/markdown-B0YTnTxW.js                  6.65 kB
apps/desktop build: ../../out/renderer/assets/swift-CbF6f74o.js                     6.92 kB
apps/desktop build: ../../out/renderer/assets/msdax-BBeIktCY.js                     6.95 kB
apps/desktop build: ../../out/renderer/assets/htmlMode-Pwdx3uR2.js                  6.96 kB
apps/desktop build: ../../out/renderer/assets/csharp-BJeIuvde.js                    6.98 kB
apps/desktop build: ../../out/renderer/assets/html-83hwZebc.js                      7.59 kB
apps/desktop build: ../../out/renderer/assets/typescript-5szpDQxl.js                7.88 kB
apps/desktop build: ../../out/renderer/assets/ecl-CeuUgzaZ.js                       7.94 kB
apps/desktop build: ../../out/renderer/assets/cpp-CcN6f0ik.js                       8.22 kB
apps/desktop build: ../../out/renderer/assets/pug-BxCXwerb.js                       8.26 kB
apps/desktop build: ../../out/renderer/assets/vb-Bm6ESA0Q.js                        8.33 kB
apps/desktop build: ../../out/renderer/assets/scss-B42qMyAu.js                      9.07 kB
apps/desktop build: ../../out/renderer/assets/wgsl-_KPae5vw.js                      9.78 kB
apps/desktop build: ../../out/renderer/assets/st-C-b0Dh53.js                       10.15 kB
apps/desktop build: ../../out/renderer/assets/twig-DvgEGWAV.js                     10.26 kB
apps/desktop build: ../../out/renderer/assets/handlebars-bHoyClk_.js               10.37 kB
apps/desktop build: ../../out/renderer/assets/julia-Cm3ItYL_.js                    10.54 kB
apps/desktop build: ../../out/renderer/assets/scala-DbVzH-3O.js                    10.70 kB
apps/desktop build: ../../out/renderer/assets/systemverilog-BOC0OOdC.js            11.63 kB
apps/desktop build: ../../out/renderer/assets/php-Bkx1qpkQ.js                      12.48 kB
apps/desktop build: ../../out/renderer/assets/protobuf-CndvAUGu.js                 12.68 kB
apps/desktop build: ../../out/renderer/assets/perl-DC0Z0tlO.js                     12.82 kB
apps/desktop build: ../../out/renderer/assets/razor-BwTmgTYJ.js                    13.30 kB
apps/desktop build: ../../out/renderer/assets/clojure-fcgFaMHx.js                  13.94 kB
apps/desktop build: ../../out/renderer/assets/ruby-DCd4DmAr.js                     15.31 kB
apps/desktop build: ../../out/renderer/assets/sql-BAGepFCR.js                      15.56 kB
apps/desktop build: ../../out/renderer/assets/mysql-BWiizXSn.js                    16.16 kB
apps/desktop build: ../../out/renderer/assets/redshift-CvYMMYZY.js                 16.33 kB
apps/desktop build: ../../out/renderer/assets/pgsql-DaSGFTLp.js                    18.25 kB
apps/desktop build: ../../out/renderer/assets/elixir-eLfY1jWH.js                   18.74 kB
apps/desktop build: ../../out/renderer/assets/postiats-CVVurEnu.js                 19.30 kB
apps/desktop build: ../../out/renderer/assets/powerquery-BQ_t1ZiQ.js               21.65 kB
apps/desktop build: ../../out/renderer/assets/abap-D5KwWAsZ.js                     22.97 kB
apps/desktop build: ../../out/renderer/assets/solidity-yHOxYChb.js                 26.03 kB
apps/desktop build: ../../out/renderer/assets/jsonMode-CpVEoJYf.js                 29.19 kB
apps/desktop build: ../../out/renderer/assets/tsMode-FYK0gyVt.js                   40.39 kB
apps/desktop build: ../../out/renderer/assets/freemarker2-CJEslCag.js              42.13 kB
apps/desktop build: ../../out/renderer/assets/lspLanguageFeatures-CnkuuC4C.js      61.70 kB
apps/desktop build: ../../out/renderer/assets/index-D-koDZwn.js                 3,075.77 kB
apps/desktop build: ../../out/renderer/assets/EditorPane-nUE1sL2r.js            7,743.80 kB
apps/desktop build: ✓ built in 19.87s
apps/desktop build: Done
